'RES1_0603R_1.5K' 'res1_0603r_15k.txt';
'USB_A/B_2_MINIUSB_ANT_USBOTG' 'usb_ab_2_miniusb_ant_usbotg.txt';
'AMS1084CM-3.3_TO-252_AMS1086CM-' 'ams1084cm-33_to-252_ams1086cm-.txt';
'CRYSTAL_OSC2PR-1_14.3MHZ' 'crystal_osc2pr-1_143mhz.txt';
'R_R0603_2.2K' 'r_r0603_22k.txt';
'CAP_TAN_C3216_10UF/16V' 'cap_tan_c3216_10uf16v.txt';
'C_C0603_104_1104.00100' 'c_c0603_104_110400100.txt';
'CAP NP_C0603_102' 'capnp_c0603_102.txt';
'CAP NP_C0603_104' 'capnp_c0603_104.txt';
'03CAP+_C3216_10UF/16V' '03cap_c3216_10uf16v.txt';
'CAP NP_C0603_1UF/16V' 'capnp_c0603_1uf16v.txt';
'CAP NP_C0805_10U' 'capnp_c0805_10u.txt';
'J1X4_0_SMD4_J1X4_2.0PH' 'j1x4_0_smd4_j1x4_20ph.txt';
'R_R0603_6.8K,1%' 'r_r0603_68k1.txt';
'PHONEJACK STEREO SW_EARJACK5_PH' 'phonejackstereosw_earjack5_ph.txt';
'RESISTOR TAPPED_VR3_7X7_10K' 'resistortapped_vr3_7x7_10k.txt';
'HEADER 10X2_0_SCON_HEADER 10X2' 'header10x2_0_scon_header10x2.txt';
'CAP NP_C0603_1UF' 'capnp_c0603_1uf.txt';
'CAP POL_C3216_10U/16V' 'cappol_c3216_10u16v.txt';
'CAPACITOR_CAPSOP_47UF/10V' 'capacitor_capsop_47uf10v.txt';
'R_R0603_0R/NC' 'r_r0603_0rnc.txt';
'CAP NP_C0603_0.1UF' 'capnp_c0603_01uf.txt';
'CAP NP_C0603_15PF' 'capnp_c0603_15pf.txt';
'CONNECTOR DB9_0_DB9RA_M_BOXCONN' 'connectordb9_0_db9ra_m_boxconn.txt';
'C_C0603_4.7UF_1104.00100' 'c_c0603_47uf_110400100.txt';
'CONNECTOR DB9_1_DB9RA_M_BOXCONN' 'connectordb9_1_db9ra_m_boxconn.txt';
'CAP POL_C3216_100U/6.3V' 'cappol_c3216_100u63v.txt';
'CAPACITOR_C3216_47UF/10V' 'capacitor_c3216_47uf10v.txt';
'SD_0_SDCARD_SD/MMC CARD' 'sd_0_sdcard_sdmmccard.txt';
'HEADER 20X2_3_SMD40-0_5FA_HEADE' 'header20x2_3_smd40-0_5fa_heade.txt';
'KEY4_PUSHSW_<VALUE>' 'key4_pushsw_value.txt';
'R_R0603_47K/NC' 'r_r0603_47knc.txt';
'INDUCTOR_R0603_3.3UH' 'inductor_r0603_33uh.txt';
'USBPORT_0_USB-A2_USB  A' 'usbport_0_usb-a2_usba.txt';
'CON5_SW35_<VALUE>' 'con5_sw35_value.txt';
'RES_0603R_4.7K' 'res_0603r_47k.txt';
'CAP NP_C0603_104/NC' 'capnp_c0603_104nc.txt';
'CAP NP_C0603_100PF' 'capnp_c0603_100pf.txt';
'CAP NP_C0603_220PF' 'capnp_c0603_220pf.txt';
'HEADER 10X2_1_SDWIFI_HEADER 10X' 'header10x2_1_sdwifi_header10x.txt';
'R_R0603_100R/NC' 'r_r0603_100rnc.txt';
